--------------------------------------------------------------------------------
Release 14.7 Trace  (nt64)
Copyright (c) 1995-2013 Xilinx, Inc.  All rights reserved.

G:\X\14.7\ISE_DS\ISE\bin\nt64\unwrapped\trce.exe -intstyle ise -v 3 -s 3 -n 3
-fastpaths -xml Procesador1.twx Procesador1.ncd -o Procesador1.twr
Procesador1.pcf

Design file:              Procesador1.ncd
Physical constraint file: Procesador1.pcf
Device,package,speed:     xc7a100t,csg324,C,-3 (PRODUCTION 1.10 2013-10-13)
Report level:             verbose report

Environment Variable      Effect 
--------------------      ------ 
NONE                      No environment variables were set
--------------------------------------------------------------------------------

INFO:Timing:2698 - No timing constraints found, doing default enumeration.
INFO:Timing:3412 - To improve timing, see the Timing Closure User Guide (UG612).
INFO:Timing:2752 - To get complete path coverage, use the unconstrained paths 
   option. All paths that are not constrained will be reported in the 
   unconstrained paths section(s) of the report.
INFO:Timing:3339 - The clock-to-out numbers in this timing report are based on 
   a 50 Ohm transmission line loading model.  For the details of this model, 
   and for more information on accounting for different loading conditions, 
   please see the device datasheet.



Data Sheet report:
-----------------
All values displayed in nanoseconds (ns)

Clock clk to Pad
------------------+-----------------+------------+-----------------+------------+------------------+--------+
                  |Max (slowest) clk|  Process   |Min (fastest) clk|  Process   |                  | Clock  |
Destination       |  (edge) to PAD  |   Corner   |  (edge) to PAD  |   Corner   |Internal Clock(s) | Phase  |
------------------+-----------------+------------+-----------------+------------+------------------+--------+
procesorResult<0> |        14.021(R)|      SLOW  |         4.447(R)|      FAST  |clk_IBUF          |   0.000|
procesorResult<1> |        14.292(R)|      SLOW  |         4.649(R)|      FAST  |clk_IBUF          |   0.000|
procesorResult<2> |        14.041(R)|      SLOW  |         4.556(R)|      FAST  |clk_IBUF          |   0.000|
procesorResult<3> |        14.072(R)|      SLOW  |         4.379(R)|      FAST  |clk_IBUF          |   0.000|
procesorResult<4> |        14.255(R)|      SLOW  |         4.543(R)|      FAST  |clk_IBUF          |   0.000|
procesorResult<5> |        14.125(R)|      SLOW  |         4.390(R)|      FAST  |clk_IBUF          |   0.000|
procesorResult<6> |        14.113(R)|      SLOW  |         4.319(R)|      FAST  |clk_IBUF          |   0.000|
procesorResult<7> |        14.262(R)|      SLOW  |         4.513(R)|      FAST  |clk_IBUF          |   0.000|
procesorResult<8> |        14.181(R)|      SLOW  |         4.457(R)|      FAST  |clk_IBUF          |   0.000|
procesorResult<9> |        14.508(R)|      SLOW  |         4.507(R)|      FAST  |clk_IBUF          |   0.000|
procesorResult<10>|        14.431(R)|      SLOW  |         4.370(R)|      FAST  |clk_IBUF          |   0.000|
procesorResult<11>|        14.466(R)|      SLOW  |         4.467(R)|      FAST  |clk_IBUF          |   0.000|
procesorResult<12>|        14.828(R)|      SLOW  |         4.723(R)|      FAST  |clk_IBUF          |   0.000|
procesorResult<13>|        14.801(R)|      SLOW  |         4.553(R)|      FAST  |clk_IBUF          |   0.000|
procesorResult<14>|        15.120(R)|      SLOW  |         4.746(R)|      FAST  |clk_IBUF          |   0.000|
procesorResult<15>|        14.372(R)|      SLOW  |         4.451(R)|      FAST  |clk_IBUF          |   0.000|
procesorResult<16>|        14.423(R)|      SLOW  |         4.198(R)|      FAST  |clk_IBUF          |   0.000|
procesorResult<17>|        14.557(R)|      SLOW  |         4.304(R)|      FAST  |clk_IBUF          |   0.000|
procesorResult<18>|        14.588(R)|      SLOW  |         4.430(R)|      FAST  |clk_IBUF          |   0.000|
procesorResult<19>|        14.535(R)|      SLOW  |         4.332(R)|      FAST  |clk_IBUF          |   0.000|
procesorResult<20>|        15.170(R)|      SLOW  |         4.641(R)|      FAST  |clk_IBUF          |   0.000|
procesorResult<21>|        14.852(R)|      SLOW  |         4.383(R)|      FAST  |clk_IBUF          |   0.000|
procesorResult<22>|        14.496(R)|      SLOW  |         4.207(R)|      FAST  |clk_IBUF          |   0.000|
procesorResult<23>|        14.682(R)|      SLOW  |         4.456(R)|      FAST  |clk_IBUF          |   0.000|
procesorResult<24>|        15.792(R)|      SLOW  |         5.158(R)|      FAST  |clk_IBUF          |   0.000|
procesorResult<25>|        14.967(R)|      SLOW  |         4.642(R)|      FAST  |clk_IBUF          |   0.000|
procesorResult<26>|        16.046(R)|      SLOW  |         5.109(R)|      FAST  |clk_IBUF          |   0.000|
procesorResult<27>|        15.202(R)|      SLOW  |         4.663(R)|      FAST  |clk_IBUF          |   0.000|
procesorResult<28>|        15.448(R)|      SLOW  |         4.803(R)|      FAST  |clk_IBUF          |   0.000|
procesorResult<29>|        15.679(R)|      SLOW  |         4.935(R)|      FAST  |clk_IBUF          |   0.000|
procesorResult<30>|        15.659(R)|      SLOW  |         4.820(R)|      FAST  |clk_IBUF          |   0.000|
procesorResult<31>|        15.205(R)|      SLOW  |         4.454(R)|      FAST  |clk_IBUF          |   0.000|
------------------+-----------------+------------+-----------------+------------+------------------+--------+

Clock rst to Pad
------------------+-----------------+------------+-----------------+------------+------------------------------------------------------------+--------+
                  |Max (slowest) clk|  Process   |Min (fastest) clk|  Process   |                                                            | Clock  |
Destination       |  (edge) to PAD  |   Corner   |  (edge) to PAD  |   Corner   |Internal Clock(s)                                           | Phase  |
------------------+-----------------+------------+-----------------+------------+------------------------------------------------------------+--------+
procesorResult<0> |        14.041(R)|      SLOW  |         5.874(R)|      FAST  |my_registerfile/registerDestination[4]_Decoder_3_OUT<0>_BUFG|   0.000|
                  |        14.035(F)|      SLOW  |         5.905(F)|      FAST  |my_registerfile/reset_GND_42_o_AND_130_o_BUFG               |   0.000|
                  |        14.191(F)|      SLOW  |         5.901(F)|      FAST  |my_registerfile/reset_GND_42_o_AND_194_o_BUFG               |   0.000|
                  |        14.985(F)|      SLOW  |         6.170(F)|      FAST  |my_registerfile/reset_GND_42_o_AND_258_o_BUFG               |   0.000|
                  |        14.971(F)|      SLOW  |         6.349(F)|      FAST  |my_registerfile/reset_GND_42_o_AND_322_o_BUFG               |   0.000|
                  |        14.868(F)|      SLOW  |         6.211(F)|      FAST  |my_registerfile/reset_GND_42_o_AND_386_o_BUFG               |   0.000|
                  |        15.021(F)|      SLOW  |         6.247(F)|      FAST  |my_registerfile/reset_GND_42_o_AND_450_o_BUFG               |   0.000|
                  |        14.390(F)|      SLOW  |         5.947(F)|      FAST  |my_registerfile/reset_GND_42_o_AND_514_o_BUFG               |   0.000|
                  |        14.375(F)|      SLOW  |         5.967(F)|      FAST  |my_registerfile/reset_GND_42_o_AND_578_o_BUFG               |   0.000|
                  |        14.283(F)|      SLOW  |         6.003(F)|      FAST  |my_registerfile/reset_GND_42_o_AND_642_o_BUFG               |   0.000|
                  |        14.133(F)|      SLOW  |         5.954(F)|      FAST  |my_registerfile/reset_GND_42_o_AND_68_o_BUFG                |   0.000|
                  |        14.329(F)|      SLOW  |         6.024(F)|      FAST  |my_registerfile/reset_GND_42_o_AND_706_o_BUFG               |   0.000|
                  |        14.318(F)|      SLOW  |         5.979(F)|      FAST  |my_registerfile/reset_GND_42_o_AND_770_o_BUFG               |   0.000|
                  |        14.936(F)|      SLOW  |         6.211(F)|      FAST  |my_registerfile/reset_GND_42_o_AND_834_o_BUFG               |   0.000|
                  |        14.831(F)|      SLOW  |         6.288(F)|      FAST  |my_registerfile/reset_GND_42_o_AND_898_o_BUFG               |   0.000|
                  |        14.219(F)|      SLOW  |         5.902(F)|      FAST  |my_registerfile/reset_GND_42_o_AND_962_o_BUFG               |   0.000|
procesorResult<1> |        14.312(R)|      SLOW  |         5.795(R)|      FAST  |my_registerfile/registerDestination[4]_Decoder_3_OUT<0>_BUFG|   0.000|
                  |        14.306(F)|      SLOW  |         6.000(F)|      FAST  |my_registerfile/reset_GND_42_o_AND_130_o_BUFG               |   0.000|
                  |        14.608(F)|      SLOW  |         6.195(F)|      FAST  |my_registerfile/reset_GND_42_o_AND_194_o_BUFG               |   0.000|
                  |        15.256(F)|      SLOW  |         6.396(F)|      FAST  |my_registerfile/reset_GND_42_o_AND_258_o_BUFG               |   0.000|
                  |        15.242(F)|      SLOW  |         6.404(F)|      FAST  |my_registerfile/reset_GND_42_o_AND_322_o_BUFG               |   0.000|
                  |        15.139(F)|      SLOW  |         6.283(F)|      FAST  |my_registerfile/reset_GND_42_o_AND_386_o_BUFG               |   0.000|
                  |        15.292(F)|      SLOW  |         6.469(F)|      FAST  |my_registerfile/reset_GND_42_o_AND_450_o_BUFG               |   0.000|
                  |        14.661(F)|      SLOW  |         6.004(F)|      FAST  |my_registerfile/reset_GND_42_o_AND_514_o_BUFG               |   0.000|
                  |        14.646(F)|      SLOW  |         6.066(F)|      FAST  |my_registerfile/reset_GND_42_o_AND_578_o_BUFG               |   0.000|
                  |        14.554(F)|      SLOW  |         6.082(F)|      FAST  |my_registerfile/reset_GND_42_o_AND_642_o_BUFG               |   0.000|
                  |        14.404(F)|      SLOW  |         6.037(F)|      FAST  |my_registerfile/reset_GND_42_o_AND_68_o_BUFG                |   0.000|
                  |        14.600(F)|      SLOW  |         6.058(F)|      FAST  |my_registerfile/reset_GND_42_o_AND_706_o_BUFG               |   0.000|
                  |        14.589(F)|      SLOW  |         6.091(F)|      FAST  |my_registerfile/reset_GND_42_o_AND_770_o_BUFG               |   0.000|
                  |        15.207(F)|      SLOW  |         6.397(F)|      FAST  |my_registerfile/reset_GND_42_o_AND_834_o_BUFG               |   0.000|
                  |        15.102(F)|      SLOW  |         6.364(F)|      FAST  |my_registerfile/reset_GND_42_o_AND_898_o_BUFG               |   0.000|
                  |        14.490(F)|      SLOW  |         6.020(F)|      FAST  |my_registerfile/reset_GND_42_o_AND_962_o_BUFG               |   0.000|
procesorResult<2> |        14.061(R)|      SLOW  |         5.703(R)|      FAST  |my_registerfile/registerDestination[4]_Decoder_3_OUT<0>_BUFG|   0.000|
                  |        14.088(F)|      SLOW  |         5.930(F)|      FAST  |my_registerfile/reset_GND_42_o_AND_130_o_BUFG               |   0.000|
                  |        14.530(F)|      SLOW  |         5.996(F)|      FAST  |my_registerfile/reset_GND_42_o_AND_194_o_BUFG               |   0.000|
                  |        15.005(F)|      SLOW  |         6.215(F)|      FAST  |my_registerfile/reset_GND_42_o_AND_258_o_BUFG               |   0.000|
                  |        14.991(F)|      SLOW  |         6.231(F)|      FAST  |my_registerfile/reset_GND_42_o_AND_322_o_BUFG               |   0.000|
                  |        14.888(F)|      SLOW  |         6.094(F)|      FAST  |my_registerfile/reset_GND_42_o_AND_386_o_BUFG               |   0.000|
                  |        15.041(F)|      SLOW  |         6.224(F)|      FAST  |my_registerfile/reset_GND_42_o_AND_450_o_BUFG               |   0.000|
                  |        14.410(F)|      SLOW  |         5.810(F)|      FAST  |my_registerfile/reset_GND_42_o_AND_514_o_BUFG               |   0.000|
                  |        14.395(F)|      SLOW  |         5.967(F)|      FAST  |my_registerfile/reset_GND_42_o_AND_578_o_BUFG               |   0.000|
                  |        14.303(F)|      SLOW  |         5.884(F)|      FAST  |my_registerfile/reset_GND_42_o_AND_642_o_BUFG               |   0.000|
                  |        14.311(F)|      SLOW  |         5.954(F)|      FAST  |my_registerfile/reset_GND_42_o_AND_68_o_BUFG                |   0.000|
                  |        14.349(F)|      SLOW  |         5.955(F)|      FAST  |my_registerfile/reset_GND_42_o_AND_706_o_BUFG               |   0.000|
                  |        14.338(F)|      SLOW  |         5.937(F)|      FAST  |my_registerfile/reset_GND_42_o_AND_770_o_BUFG               |   0.000|
                  |        14.956(F)|      SLOW  |         6.267(F)|      FAST  |my_registerfile/reset_GND_42_o_AND_834_o_BUFG               |   0.000|
                  |        14.851(F)|      SLOW  |         6.067(F)|      FAST  |my_registerfile/reset_GND_42_o_AND_898_o_BUFG               |   0.000|
                  |        14.239(F)|      SLOW  |         6.024(F)|      FAST  |my_registerfile/reset_GND_42_o_AND_962_o_BUFG               |   0.000|
procesorResult<3> |        14.094(R)|      SLOW  |         5.613(R)|      FAST  |my_registerfile/registerDestination[4]_Decoder_3_OUT<0>_BUFG|   0.000|
                  |        14.116(F)|      SLOW  |         5.821(F)|      FAST  |my_registerfile/reset_GND_42_o_AND_130_o_BUFG               |   0.000|
                  |        14.558(F)|      SLOW  |         5.963(F)|      FAST  |my_registerfile/reset_GND_42_o_AND_194_o_BUFG               |   0.000|
                  |        15.036(F)|      SLOW  |         6.305(F)|      FAST  |my_registerfile/reset_GND_42_o_AND_258_o_BUFG               |   0.000|
                  |        15.022(F)|      SLOW  |         6.315(F)|      FAST  |my_registerfile/reset_GND_42_o_AND_322_o_BUFG               |   0.000|
                  |        14.919(F)|      SLOW  |         6.201(F)|      FAST  |my_registerfile/reset_GND_42_o_AND_386_o_BUFG               |   0.000|
                  |        15.072(F)|      SLOW  |         6.065(F)|      FAST  |my_registerfile/reset_GND_42_o_AND_450_o_BUFG               |   0.000|
                  |        14.441(F)|      SLOW  |         5.847(F)|      FAST  |my_registerfile/reset_GND_42_o_AND_514_o_BUFG               |   0.000|
                  |        14.426(F)|      SLOW  |         5.876(F)|      FAST  |my_registerfile/reset_GND_42_o_AND_578_o_BUFG               |   0.000|
                  |        14.334(F)|      SLOW  |         5.965(F)|      FAST  |my_registerfile/reset_GND_42_o_AND_642_o_BUFG               |   0.000|
                  |        14.339(F)|      SLOW  |         5.899(F)|      FAST  |my_registerfile/reset_GND_42_o_AND_68_o_BUFG                |   0.000|
                  |        14.380(F)|      SLOW  |         5.912(F)|      FAST  |my_registerfile/reset_GND_42_o_AND_706_o_BUFG               |   0.000|
                  |        14.369(F)|      SLOW  |         5.906(F)|      FAST  |my_registerfile/reset_GND_42_o_AND_770_o_BUFG               |   0.000|
                  |        14.987(F)|      SLOW  |         6.211(F)|      FAST  |my_registerfile/reset_GND_42_o_AND_834_o_BUFG               |   0.000|
                  |        14.882(F)|      SLOW  |         6.244(F)|      FAST  |my_registerfile/reset_GND_42_o_AND_898_o_BUFG               |   0.000|
                  |        14.301(F)|      SLOW  |         5.958(F)|      FAST  |my_registerfile/reset_GND_42_o_AND_962_o_BUFG               |   0.000|
procesorResult<4> |        14.412(F)|      SLOW  |         5.966(F)|      FAST  |my_registerfile/reset_GND_42_o_AND_130_o_BUFG               |   0.000|
                  |        14.753(F)|      SLOW  |         6.150(F)|      FAST  |my_registerfile/reset_GND_42_o_AND_194_o_BUFG               |   0.000|
                  |        15.221(F)|      SLOW  |         6.415(F)|      FAST  |my_registerfile/reset_GND_42_o_AND_258_o_BUFG               |   0.000|
                  |        15.209(F)|      SLOW  |         6.424(F)|      FAST  |my_registerfile/reset_GND_42_o_AND_322_o_BUFG               |   0.000|
                  |        15.108(F)|      SLOW  |         6.338(F)|      FAST  |my_registerfile/reset_GND_42_o_AND_386_o_BUFG               |   0.000|
                  |        15.259(F)|      SLOW  |         6.311(F)|      FAST  |my_registerfile/reset_GND_42_o_AND_450_o_BUFG               |   0.000|
                  |        14.630(F)|      SLOW  |         5.919(F)|      FAST  |my_registerfile/reset_GND_42_o_AND_514_o_BUFG               |   0.000|
                  |        14.610(F)|      SLOW  |         5.927(F)|      FAST  |my_registerfile/reset_GND_42_o_AND_578_o_BUFG               |   0.000|
                  |        14.521(F)|      SLOW  |         5.917(F)|      FAST  |my_registerfile/reset_GND_42_o_AND_642_o_BUFG               |   0.000|
                  |        14.744(F)|      SLOW  |         6.104(F)|      FAST  |my_registerfile/reset_GND_42_o_AND_68_o_BUFG                |   0.000|
                  |        14.565(F)|      SLOW  |         5.991(F)|      FAST  |my_registerfile/reset_GND_42_o_AND_706_o_BUFG               |   0.000|
                  |        14.554(F)|      SLOW  |         5.960(F)|      FAST  |my_registerfile/reset_GND_42_o_AND_770_o_BUFG               |   0.000|
                  |        15.172(F)|      SLOW  |         6.416(F)|      FAST  |my_registerfile/reset_GND_42_o_AND_834_o_BUFG               |   0.000|
                  |        15.141(F)|      SLOW  |         6.516(F)|      FAST  |my_registerfile/reset_GND_42_o_AND_898_o_BUFG               |   0.000|
                  |        14.536(F)|      SLOW  |         6.031(F)|      FAST  |my_registerfile/reset_GND_42_o_AND_962_o_BUFG               |   0.000|
                  |        14.277(R)|      SLOW  |         5.810(R)|      FAST  |my_registerfile/registerDestination[4]_Decoder_3_OUT<0>_BUFG|   0.000|
procesorResult<5> |        14.147(R)|      SLOW  |         5.567(R)|      FAST  |my_registerfile/registerDestination[4]_Decoder_3_OUT<0>_BUFG|   0.000|
                  |        14.282(F)|      SLOW  |         5.744(F)|      FAST  |my_registerfile/reset_GND_42_o_AND_130_o_BUFG               |   0.000|
                  |        14.623(F)|      SLOW  |         5.877(F)|      FAST  |my_registerfile/reset_GND_42_o_AND_194_o_BUFG               |   0.000|
                  |        15.091(F)|      SLOW  |         6.148(F)|      FAST  |my_registerfile/reset_GND_42_o_AND_258_o_BUFG               |   0.000|
                  |        15.079(F)|      SLOW  |         6.267(F)|      FAST  |my_registerfile/reset_GND_42_o_AND_322_o_BUFG               |   0.000|
                  |        14.978(F)|      SLOW  |         6.137(F)|      FAST  |my_registerfile/reset_GND_42_o_AND_386_o_BUFG               |   0.000|
                  |        15.129(F)|      SLOW  |         6.112(F)|      FAST  |my_registerfile/reset_GND_42_o_AND_450_o_BUFG               |   0.000|
                  |        14.500(F)|      SLOW  |         5.891(F)|      FAST  |my_registerfile/reset_GND_42_o_AND_514_o_BUFG               |   0.000|
                  |        14.480(F)|      SLOW  |         5.949(F)|      FAST  |my_registerfile/reset_GND_42_o_AND_578_o_BUFG               |   0.000|
                  |        14.391(F)|      SLOW  |         5.886(F)|      FAST  |my_registerfile/reset_GND_42_o_AND_642_o_BUFG               |   0.000|
                  |        14.661(F)|      SLOW  |         5.957(F)|      FAST  |my_registerfile/reset_GND_42_o_AND_68_o_BUFG                |   0.000|
                  |        14.435(F)|      SLOW  |         5.857(F)|      FAST  |my_registerfile/reset_GND_42_o_AND_706_o_BUFG               |   0.000|
                  |        14.424(F)|      SLOW  |         5.825(F)|      FAST  |my_registerfile/reset_GND_42_o_AND_770_o_BUFG               |   0.000|
                  |        15.042(F)|      SLOW  |         6.235(F)|      FAST  |my_registerfile/reset_GND_42_o_AND_834_o_BUFG               |   0.000|
                  |        15.011(F)|      SLOW  |         6.095(F)|      FAST  |my_registerfile/reset_GND_42_o_AND_898_o_BUFG               |   0.000|
                  |        14.406(F)|      SLOW  |         5.834(F)|      FAST  |my_registerfile/reset_GND_42_o_AND_962_o_BUFG               |   0.000|
procesorResult<6> |        14.135(R)|      SLOW  |         5.719(R)|      FAST  |my_registerfile/registerDestination[4]_Decoder_3_OUT<0>_BUFG|   0.000|
                  |        14.392(F)|      SLOW  |         5.927(F)|      FAST  |my_registerfile/reset_GND_42_o_AND_130_o_BUFG               |   0.000|
                  |        14.611(F)|      SLOW  |         6.017(F)|      FAST  |my_registerfile/reset_GND_42_o_AND_194_o_BUFG               |   0.000|
                  |        15.141(F)|      SLOW  |         6.240(F)|      FAST  |my_registerfile/reset_GND_42_o_AND_258_o_BUFG               |   0.000|
                  |        15.067(F)|      SLOW  |         6.275(F)|      FAST  |my_registerfile/reset_GND_42_o_AND_322_o_BUFG               |   0.000|
                  |        14.966(F)|      SLOW  |         6.141(F)|      FAST  |my_registerfile/reset_GND_42_o_AND_386_o_BUFG               |   0.000|
                  |        15.117(F)|      SLOW  |         6.152(F)|      FAST  |my_registerfile/reset_GND_42_o_AND_450_o_BUFG               |   0.000|
                  |        14.488(F)|      SLOW  |         5.911(F)|      FAST  |my_registerfile/reset_GND_42_o_AND_514_o_BUFG               |   0.000|
                  |        14.504(F)|      SLOW  |         5.934(F)|      FAST  |my_registerfile/reset_GND_42_o_AND_578_o_BUFG               |   0.000|
                  |        14.455(F)|      SLOW  |         5.820(F)|      FAST  |my_registerfile/reset_GND_42_o_AND_642_o_BUFG               |   0.000|
                  |        14.795(F)|      SLOW  |         6.028(F)|      FAST  |my_registerfile/reset_GND_42_o_AND_68_o_BUFG                |   0.000|
                  |        14.536(F)|      SLOW  |         5.965(F)|      FAST  |my_registerfile/reset_GND_42_o_AND_706_o_BUFG               |   0.000|
                  |        14.412(F)|      SLOW  |         5.920(F)|      FAST  |my_registerfile/reset_GND_42_o_AND_770_o_BUFG               |   0.000|
                  |        15.030(F)|      SLOW  |         6.329(F)|      FAST  |my_registerfile/reset_GND_42_o_AND_834_o_BUFG               |   0.000|
                  |        15.016(F)|      SLOW  |         6.157(F)|      FAST  |my_registerfile/reset_GND_42_o_AND_898_o_BUFG               |   0.000|
                  |        14.437(F)|      SLOW  |         5.980(F)|      FAST  |my_registerfile/reset_GND_42_o_AND_962_o_BUFG               |   0.000|
procesorResult<7> |        14.533(F)|      SLOW  |         6.071(F)|      FAST  |my_registerfile/reset_GND_42_o_AND_130_o_BUFG               |   0.000|
                  |        14.760(F)|      SLOW  |         6.206(F)|      FAST  |my_registerfile/reset_GND_42_o_AND_194_o_BUFG               |   0.000|
                  |        15.282(F)|      SLOW  |         6.251(F)|      FAST  |my_registerfile/reset_GND_42_o_AND_258_o_BUFG               |   0.000|
                  |        15.216(F)|      SLOW  |         6.387(F)|      FAST  |my_registerfile/reset_GND_42_o_AND_322_o_BUFG               |   0.000|
                  |        15.115(F)|      SLOW  |         6.239(F)|      FAST  |my_registerfile/reset_GND_42_o_AND_386_o_BUFG               |   0.000|
                  |        15.266(F)|      SLOW  |         6.362(F)|      FAST  |my_registerfile/reset_GND_42_o_AND_450_o_BUFG               |   0.000|
                  |        14.637(F)|      SLOW  |         6.014(F)|      FAST  |my_registerfile/reset_GND_42_o_AND_514_o_BUFG               |   0.000|
                  |        14.645(F)|      SLOW  |         5.960(F)|      FAST  |my_registerfile/reset_GND_42_o_AND_578_o_BUFG               |   0.000|
                  |        14.596(F)|      SLOW  |         6.086(F)|      FAST  |my_registerfile/reset_GND_42_o_AND_642_o_BUFG               |   0.000|
                  |        14.935(F)|      SLOW  |         6.170(F)|      FAST  |my_registerfile/reset_GND_42_o_AND_68_o_BUFG                |   0.000|
                  |        14.677(F)|      SLOW  |         6.064(F)|      FAST  |my_registerfile/reset_GND_42_o_AND_706_o_BUFG               |   0.000|
                  |        14.561(F)|      SLOW  |         6.078(F)|      FAST  |my_registerfile/reset_GND_42_o_AND_770_o_BUFG               |   0.000|
                  |        15.179(F)|      SLOW  |         6.353(F)|      FAST  |my_registerfile/reset_GND_42_o_AND_834_o_BUFG               |   0.000|
                  |        15.156(F)|      SLOW  |         6.189(F)|      FAST  |my_registerfile/reset_GND_42_o_AND_898_o_BUFG               |   0.000|
                  |        14.577(F)|      SLOW  |         5.980(F)|      FAST  |my_registerfile/reset_GND_42_o_AND_962_o_BUFG               |   0.000|
                  |        14.286(R)|      SLOW  |         5.868(R)|      FAST  |my_registerfile/registerDestination[4]_Decoder_3_OUT<0>_BUFG|   0.000|
procesorResult<8> |        14.638(F)|      SLOW  |         5.910(F)|      FAST  |my_registerfile/reset_GND_42_o_AND_130_o_BUFG               |   0.000|
                  |        14.681(F)|      SLOW  |         5.990(F)|      FAST  |my_registerfile/reset_GND_42_o_AND_194_o_BUFG               |   0.000|
                  |        15.225(F)|      SLOW  |         6.263(F)|      FAST  |my_registerfile/reset_GND_42_o_AND_258_o_BUFG               |   0.000|
                  |        15.098(F)|      SLOW  |         6.259(F)|      FAST  |my_registerfile/reset_GND_42_o_AND_322_o_BUFG               |   0.000|
                  |        14.990(F)|      SLOW  |         6.196(F)|      FAST  |my_registerfile/reset_GND_42_o_AND_386_o_BUFG               |   0.000|
                  |        15.143(F)|      SLOW  |         6.169(F)|      FAST  |my_registerfile/reset_GND_42_o_AND_450_o_BUFG               |   0.000|
                  |        14.512(F)|      SLOW  |         5.845(F)|      FAST  |my_registerfile/reset_GND_42_o_AND_514_o_BUFG               |   0.000|
                  |        14.590(F)|      SLOW  |         5.900(F)|      FAST  |my_registerfile/reset_GND_42_o_AND_578_o_BUFG               |   0.000|
                  |        14.540(F)|      SLOW  |         5.823(F)|      FAST  |my_registerfile/reset_GND_42_o_AND_642_o_BUFG               |   0.000|
                  |        14.883(F)|      SLOW  |         6.031(F)|      FAST  |my_registerfile/reset_GND_42_o_AND_68_o_BUFG                |   0.000|
                  |        14.621(F)|      SLOW  |         5.864(F)|      FAST  |my_registerfile/reset_GND_42_o_AND_706_o_BUFG               |   0.000|
                  |        14.439(F)|      SLOW  |         5.942(F)|      FAST  |my_registerfile/reset_GND_42_o_AND_770_o_BUFG               |   0.000|
                  |        15.095(F)|      SLOW  |         6.213(F)|      FAST  |my_registerfile/reset_GND_42_o_AND_834_o_BUFG               |   0.000|
                  |        15.104(F)|      SLOW  |         6.069(F)|      FAST  |my_registerfile/reset_GND_42_o_AND_898_o_BUFG               |   0.000|
                  |        14.526(F)|      SLOW  |         5.934(F)|      FAST  |my_registerfile/reset_GND_42_o_AND_962_o_BUFG               |   0.000|
                  |        14.161(R)|      SLOW  |         5.626(R)|      FAST  |my_registerfile/registerDestination[4]_Decoder_3_OUT<0>_BUFG|   0.000|
procesorResult<9> |        14.441(R)|      SLOW  |         5.735(R)|      FAST  |my_registerfile/registerDestination[4]_Decoder_3_OUT<0>_BUFG|   0.000|
                  |        14.918(F)|      SLOW  |         6.027(F)|      FAST  |my_registerfile/reset_GND_42_o_AND_130_o_BUFG               |   0.000|
                  |        14.973(F)|      SLOW  |         6.204(F)|      FAST  |my_registerfile/reset_GND_42_o_AND_194_o_BUFG               |   0.000|
                  |        15.505(F)|      SLOW  |         6.502(F)|      FAST  |my_registerfile/reset_GND_42_o_AND_258_o_BUFG               |   0.000|
                  |        15.378(F)|      SLOW  |         6.524(F)|      FAST  |my_registerfile/reset_GND_42_o_AND_322_o_BUFG               |   0.000|
                  |        15.283(F)|      SLOW  |         6.415(F)|      FAST  |my_registerfile/reset_GND_42_o_AND_386_o_BUFG               |   0.000|
                  |        15.423(F)|      SLOW  |         6.341(F)|      FAST  |my_registerfile/reset_GND_42_o_AND_450_o_BUFG               |   0.000|
                  |        14.792(F)|      SLOW  |         6.013(F)|      FAST  |my_registerfile/reset_GND_42_o_AND_514_o_BUFG               |   0.000|
                  |        14.878(F)|      SLOW  |         6.004(F)|      FAST  |my_registerfile/reset_GND_42_o_AND_578_o_BUFG               |   0.000|
                  |        14.820(F)|      SLOW  |         5.978(F)|      FAST  |my_registerfile/reset_GND_42_o_AND_642_o_BUFG               |   0.000|
                  |        15.163(F)|      SLOW  |         6.154(F)|      FAST  |my_registerfile/reset_GND_42_o_AND_68_o_BUFG                |   0.000|
                  |        14.901(F)|      SLOW  |         6.025(F)|      FAST  |my_registerfile/reset_GND_42_o_AND_706_o_BUFG               |   0.000|
                  |        14.719(F)|      SLOW  |         6.080(F)|      FAST  |my_registerfile/reset_GND_42_o_AND_770_o_BUFG               |   0.000|
                  |        15.375(F)|      SLOW  |         6.410(F)|      FAST  |my_registerfile/reset_GND_42_o_AND_834_o_BUFG               |   0.000|
                  |        15.384(F)|      SLOW  |         6.450(F)|      FAST  |my_registerfile/reset_GND_42_o_AND_898_o_BUFG               |   0.000|
                  |        14.806(F)|      SLOW  |         6.006(F)|      FAST  |my_registerfile/reset_GND_42_o_AND_962_o_BUFG               |   0.000|
procesorResult<10>|        14.695(F)|      SLOW  |         5.873(F)|      FAST  |my_registerfile/reset_GND_42_o_AND_130_o_BUFG               |   0.000|
                  |        14.896(F)|      SLOW  |         5.771(F)|      FAST  |my_registerfile/reset_GND_42_o_AND_194_o_BUFG               |   0.000|
                  |        15.282(F)|      SLOW  |         6.262(F)|      FAST  |my_registerfile/reset_GND_42_o_AND_258_o_BUFG               |   0.000|
                  |        15.276(F)|      SLOW  |         6.212(F)|      FAST  |my_registerfile/reset_GND_42_o_AND_322_o_BUFG               |   0.000|
                  |        15.206(F)|      SLOW  |         6.111(F)|      FAST  |my_registerfile/reset_GND_42_o_AND_386_o_BUFG               |   0.000|
                  |        15.241(F)|      SLOW  |         6.103(F)|      FAST  |my_registerfile/reset_GND_42_o_AND_450_o_BUFG               |   0.000|
                  |        14.718(F)|      SLOW  |         5.791(F)|      FAST  |my_registerfile/reset_GND_42_o_AND_514_o_BUFG               |   0.000|
                  |        14.959(F)|      SLOW  |         5.735(F)|      FAST  |my_registerfile/reset_GND_42_o_AND_578_o_BUFG               |   0.000|
                  |        14.671(F)|      SLOW  |         5.730(F)|      FAST  |my_registerfile/reset_GND_42_o_AND_642_o_BUFG               |   0.000|
                  |        14.940(F)|      SLOW  |         5.834(F)|      FAST  |my_registerfile/reset_GND_42_o_AND_68_o_BUFG                |   0.000|
                  |        14.806(F)|      SLOW  |         5.807(F)|      FAST  |my_registerfile/reset_GND_42_o_AND_706_o_BUFG               |   0.000|
                  |        14.551(F)|      SLOW  |         5.822(F)|      FAST  |my_registerfile/reset_GND_42_o_AND_770_o_BUFG               |   0.000|
                  |        15.152(F)|      SLOW  |         6.222(F)|      FAST  |my_registerfile/reset_GND_42_o_AND_834_o_BUFG               |   0.000|
                  |        15.161(F)|      SLOW  |         6.099(F)|      FAST  |my_registerfile/reset_GND_42_o_AND_898_o_BUFG               |   0.000|
                  |        14.602(F)|      SLOW  |         5.755(F)|      FAST  |my_registerfile/reset_GND_42_o_AND_962_o_BUFG               |   0.000|
                  |        14.218(R)|      SLOW  |         5.676(R)|      FAST  |my_registerfile/registerDestination[4]_Decoder_3_OUT<0>_BUFG|   0.000|
procesorResult<11>|        14.739(F)|      SLOW  |         5.861(F)|      FAST  |my_registerfile/reset_GND_42_o_AND_130_o_BUFG               |   0.000|
                  |        14.931(F)|      SLOW  |         5.943(F)|      FAST  |my_registerfile/reset_GND_42_o_AND_194_o_BUFG               |   0.000|
                  |        15.326(F)|      SLOW  |         6.252(F)|      FAST  |my_registerfile/reset_GND_42_o_AND_258_o_BUFG               |   0.000|
                  |        15.311(F)|      SLOW  |         6.312(F)|      FAST  |my_registerfile/reset_GND_42_o_AND_322_o_BUFG               |   0.000|
                  |        15.241(F)|      SLOW  |         6.092(F)|      FAST  |my_registerfile/reset_GND_42_o_AND_386_o_BUFG               |   0.000|
                  |        15.276(F)|      SLOW  |         6.128(F)|      FAST  |my_registerfile/reset_GND_42_o_AND_450_o_BUFG               |   0.000|
                  |        14.754(F)|      SLOW  |         5.905(F)|      FAST  |my_registerfile/reset_GND_42_o_AND_514_o_BUFG               |   0.000|
                  |        14.995(F)|      SLOW  |         6.005(F)|      FAST  |my_registerfile/reset_GND_42_o_AND_578_o_BUFG               |   0.000|
                  |        14.707(F)|      SLOW  |         5.847(F)|      FAST  |my_registerfile/reset_GND_42_o_AND_642_o_BUFG               |   0.000|
                  |        14.984(F)|      SLOW  |         5.917(F)|      FAST  |my_registerfile/reset_GND_42_o_AND_68_o_BUFG                |   0.000|
                  |        14.842(F)|      SLOW  |         5.822(F)|      FAST  |my_registerfile/reset_GND_42_o_AND_706_o_BUFG               |   0.000|
                  |        14.586(F)|      SLOW  |         5.836(F)|      FAST  |my_registerfile/reset_GND_42_o_AND_770_o_BUFG               |   0.000|
                  |        15.196(F)|      SLOW  |         6.259(F)|      FAST  |my_registerfile/reset_GND_42_o_AND_834_o_BUFG               |   0.000|
                  |        15.205(F)|      SLOW  |         6.087(F)|      FAST  |my_registerfile/reset_GND_42_o_AND_898_o_BUFG               |   0.000|
                  |        14.637(F)|      SLOW  |         5.779(F)|      FAST  |my_registerfile/reset_GND_42_o_AND_962_o_BUFG               |   0.000|
                  |        14.262(R)|      SLOW  |         5.717(R)|      FAST  |my_registerfile/registerDestination[4]_Decoder_3_OUT<0>_BUFG|   0.000|
procesorResult<12>|        15.033(F)|      SLOW  |         6.140(F)|      FAST  |my_registerfile/reset_GND_42_o_AND_130_o_BUFG               |   0.000|
                  |        15.295(F)|      SLOW  |         6.327(F)|      FAST  |my_registerfile/reset_GND_42_o_AND_194_o_BUFG               |   0.000|
                  |        15.623(F)|      SLOW  |         6.554(F)|      FAST  |my_registerfile/reset_GND_42_o_AND_258_o_BUFG               |   0.000|
                  |        15.678(F)|      SLOW  |         6.556(F)|      FAST  |my_registerfile/reset_GND_42_o_AND_322_o_BUFG               |   0.000|
                  |        15.607(F)|      SLOW  |         6.438(F)|      FAST  |my_registerfile/reset_GND_42_o_AND_386_o_BUFG               |   0.000|
                  |        15.643(F)|      SLOW  |         6.510(F)|      FAST  |my_registerfile/reset_GND_42_o_AND_450_o_BUFG               |   0.000|
                  |        15.116(F)|      SLOW  |         6.094(F)|      FAST  |my_registerfile/reset_GND_42_o_AND_514_o_BUFG               |   0.000|
                  |        15.357(F)|      SLOW  |         6.143(F)|      FAST  |my_registerfile/reset_GND_42_o_AND_578_o_BUFG               |   0.000|
                  |        15.067(F)|      SLOW  |         6.029(F)|      FAST  |my_registerfile/reset_GND_42_o_AND_642_o_BUFG               |   0.000|
                  |        15.280(F)|      SLOW  |         6.182(F)|      FAST  |my_registerfile/reset_GND_42_o_AND_68_o_BUFG                |   0.000|
                  |        15.202(F)|      SLOW  |         6.127(F)|      FAST  |my_registerfile/reset_GND_42_o_AND_706_o_BUFG               |   0.000|
                  |        14.950(F)|      SLOW  |         6.171(F)|      FAST  |my_registerfile/reset_GND_42_o_AND_770_o_BUFG               |   0.000|
                  |        15.491(F)|      SLOW  |         6.520(F)|      FAST  |my_registerfile/reset_GND_42_o_AND_834_o_BUFG               |   0.000|
                  |        15.499(F)|      SLOW  |         6.428(F)|      FAST  |my_registerfile/reset_GND_42_o_AND_898_o_BUFG               |   0.000|
                  |        15.002(F)|      SLOW  |         6.151(F)|      FAST  |my_registerfile/reset_GND_42_o_AND_962_o_BUFG               |   0.000|
                  |        14.554(R)|      SLOW  |         5.942(R)|      FAST  |my_registerfile/registerDestination[4]_Decoder_3_OUT<0>_BUFG|   0.000|
procesorResult<13>|        15.006(F)|      SLOW  |         6.080(F)|      FAST  |my_registerfile/reset_GND_42_o_AND_130_o_BUFG               |   0.000|
                  |        15.268(F)|      SLOW  |         6.200(F)|      FAST  |my_registerfile/reset_GND_42_o_AND_194_o_BUFG               |   0.000|
                  |        15.596(F)|      SLOW  |         6.404(F)|      FAST  |my_registerfile/reset_GND_42_o_AND_258_o_BUFG               |   0.000|
                  |        15.651(F)|      SLOW  |         6.440(F)|      FAST  |my_registerfile/reset_GND_42_o_AND_322_o_BUFG               |   0.000|
                  |        15.580(F)|      SLOW  |         6.383(F)|      FAST  |my_registerfile/reset_GND_42_o_AND_386_o_BUFG               |   0.000|
                  |        15.616(F)|      SLOW  |         6.413(F)|      FAST  |my_registerfile/reset_GND_42_o_AND_450_o_BUFG               |   0.000|
                  |        15.089(F)|      SLOW  |         5.860(F)|      FAST  |my_registerfile/reset_GND_42_o_AND_514_o_BUFG               |   0.000|
                  |        15.330(F)|      SLOW  |         5.979(F)|      FAST  |my_registerfile/reset_GND_42_o_AND_578_o_BUFG               |   0.000|
                  |        15.040(F)|      SLOW  |         5.963(F)|      FAST  |my_registerfile/reset_GND_42_o_AND_642_o_BUFG               |   0.000|
                  |        15.253(F)|      SLOW  |         6.233(F)|      FAST  |my_registerfile/reset_GND_42_o_AND_68_o_BUFG                |   0.000|
                  |        15.175(F)|      SLOW  |         6.052(F)|      FAST  |my_registerfile/reset_GND_42_o_AND_706_o_BUFG               |   0.000|
                  |        14.923(F)|      SLOW  |         5.994(F)|      FAST  |my_registerfile/reset_GND_42_o_AND_770_o_BUFG               |   0.000|
                  |        15.464(F)|      SLOW  |         6.399(F)|      FAST  |my_registerfile/reset_GND_42_o_AND_834_o_BUFG               |   0.000|
                  |        15.472(F)|      SLOW  |         6.387(F)|      FAST  |my_registerfile/reset_GND_42_o_AND_898_o_BUFG               |   0.000|
                  |        14.975(F)|      SLOW  |         6.116(F)|      FAST  |my_registerfile/reset_GND_42_o_AND_962_o_BUFG               |   0.000|
                  |        14.527(R)|      SLOW  |         5.864(R)|      FAST  |my_registerfile/registerDestination[4]_Decoder_3_OUT<0>_BUFG|   0.000|
procesorResult<14>|        15.321(F)|      SLOW  |         6.221(F)|      FAST  |my_registerfile/reset_GND_42_o_AND_130_o_BUFG               |   0.000|
                  |        15.583(F)|      SLOW  |         6.333(F)|      FAST  |my_registerfile/reset_GND_42_o_AND_194_o_BUFG               |   0.000|
                  |        15.911(F)|      SLOW  |         6.559(F)|      FAST  |my_registerfile/reset_GND_42_o_AND_258_o_BUFG               |   0.000|
                  |        15.966(F)|      SLOW  |         6.584(F)|      FAST  |my_registerfile/reset_GND_42_o_AND_322_o_BUFG               |   0.000|
                  |        15.895(F)|      SLOW  |         6.544(F)|      FAST  |my_registerfile/reset_GND_42_o_AND_386_o_BUFG               |   0.000|
                  |        15.931(F)|      SLOW  |         6.384(F)|      FAST  |my_registerfile/reset_GND_42_o_AND_450_o_BUFG               |   0.000|
                  |        15.404(F)|      SLOW  |         6.262(F)|      FAST  |my_registerfile/reset_GND_42_o_AND_514_o_BUFG               |   0.000|
                  |        15.645(F)|      SLOW  |         6.218(F)|      FAST  |my_registerfile/reset_GND_42_o_AND_578_o_BUFG               |   0.000|
                  |        15.355(F)|      SLOW  |         6.228(F)|      FAST  |my_registerfile/reset_GND_42_o_AND_642_o_BUFG               |   0.000|
                  |        15.568(F)|      SLOW  |         6.244(F)|      FAST  |my_registerfile/reset_GND_42_o_AND_68_o_BUFG                |   0.000|
                  |        15.490(F)|      SLOW  |         6.283(F)|      FAST  |my_registerfile/reset_GND_42_o_AND_706_o_BUFG               |   0.000|
                  |        15.238(F)|      SLOW  |         6.223(F)|      FAST  |my_registerfile/reset_GND_42_o_AND_770_o_BUFG               |   0.000|
                  |        15.779(F)|      SLOW  |         6.679(F)|      FAST  |my_registerfile/reset_GND_42_o_AND_834_o_BUFG               |   0.000|
                  |        15.787(F)|      SLOW  |         6.607(F)|      FAST  |my_registerfile/reset_GND_42_o_AND_898_o_BUFG               |   0.000|
                  |        15.290(F)|      SLOW  |         6.215(F)|      FAST  |my_registerfile/reset_GND_42_o_AND_962_o_BUFG               |   0.000|
                  |        14.891(R)|      SLOW  |         6.041(R)|      FAST  |my_registerfile/registerDestination[4]_Decoder_3_OUT<0>_BUFG|   0.000|
procesorResult<15>|        14.577(F)|      SLOW  |         5.819(F)|      FAST  |my_registerfile/reset_GND_42_o_AND_130_o_BUFG               |   0.000|
                  |        14.839(F)|      SLOW  |         5.927(F)|      FAST  |my_registerfile/reset_GND_42_o_AND_194_o_BUFG               |   0.000|
                  |        15.167(F)|      SLOW  |         6.274(F)|      FAST  |my_registerfile/reset_GND_42_o_AND_258_o_BUFG               |   0.000|
                  |        15.222(F)|      SLOW  |         6.295(F)|      FAST  |my_registerfile/reset_GND_42_o_AND_322_o_BUFG               |   0.000|
                  |        15.151(F)|      SLOW  |         6.148(F)|      FAST  |my_registerfile/reset_GND_42_o_AND_386_o_BUFG               |   0.000|
                  |        15.187(F)|      SLOW  |         6.032(F)|      FAST  |my_registerfile/reset_GND_42_o_AND_450_o_BUFG               |   0.000|
                  |        14.660(F)|      SLOW  |         5.791(F)|      FAST  |my_registerfile/reset_GND_42_o_AND_514_o_BUFG               |   0.000|
                  |        14.901(F)|      SLOW  |         5.825(F)|      FAST  |my_registerfile/reset_GND_42_o_AND_578_o_BUFG               |   0.000|
                  |        14.611(F)|      SLOW  |         5.878(F)|      FAST  |my_registerfile/reset_GND_42_o_AND_642_o_BUFG               |   0.000|
                  |        14.824(F)|      SLOW  |         5.962(F)|      FAST  |my_registerfile/reset_GND_42_o_AND_68_o_BUFG                |   0.000|
                  |        14.746(F)|      SLOW  |         5.881(F)|      FAST  |my_registerfile/reset_GND_42_o_AND_706_o_BUFG               |   0.000|
                  |        14.494(F)|      SLOW  |         5.885(F)|      FAST  |my_registerfile/reset_GND_42_o_AND_770_o_BUFG               |   0.000|
                  |        15.035(F)|      SLOW  |         6.175(F)|      FAST  |my_registerfile/reset_GND_42_o_AND_834_o_BUFG               |   0.000|
                  |        15.043(F)|      SLOW  |         6.129(F)|      FAST  |my_registerfile/reset_GND_42_o_AND_898_o_BUFG               |   0.000|
                  |        14.546(F)|      SLOW  |         5.837(F)|      FAST  |my_registerfile/reset_GND_42_o_AND_962_o_BUFG               |   0.000|
                  |        14.138(R)|      SLOW  |         5.662(R)|      FAST  |my_registerfile/registerDestination[4]_Decoder_3_OUT<0>_BUFG|   0.000|
procesorResult<16>|        14.563(F)|      SLOW  |         5.719(F)|      FAST  |my_registerfile/reset_GND_42_o_AND_130_o_BUFG               |   0.000|
                  |        14.825(F)|      SLOW  |         5.900(F)|      FAST  |my_registerfile/reset_GND_42_o_AND_194_o_BUFG               |   0.000|
                  |        15.153(F)|      SLOW  |         6.101(F)|      FAST  |my_registerfile/reset_GND_42_o_AND_258_o_BUFG               |   0.000|
                  |        15.208(F)|      SLOW  |         6.180(F)|      FAST  |my_registerfile/reset_GND_42_o_AND_322_o_BUFG               |   0.000|
                  |        15.137(F)|      SLOW  |         6.099(F)|      FAST  |my_registerfile/reset_GND_42_o_AND_386_o_BUFG               |   0.000|
                  |        15.173(F)|      SLOW  |         5.942(F)|      FAST  |my_registerfile/reset_GND_42_o_AND_450_o_BUFG               |   0.000|
                  |        14.646(F)|      SLOW  |         5.793(F)|      FAST  |my_registerfile/reset_GND_42_o_AND_514_o_BUFG               |   0.000|
                  |        14.887(F)|      SLOW  |         5.791(F)|      FAST  |my_registerfile/reset_GND_42_o_AND_578_o_BUFG               |   0.000|
                  |        14.597(F)|      SLOW  |         5.778(F)|      FAST  |my_registerfile/reset_GND_42_o_AND_642_o_BUFG               |   0.000|
                  |        14.810(F)|      SLOW  |         5.916(F)|      FAST  |my_registerfile/reset_GND_42_o_AND_68_o_BUFG                |   0.000|
                  |        14.732(F)|      SLOW  |         5.699(F)|      FAST  |my_registerfile/reset_GND_42_o_AND_706_o_BUFG               |   0.000|
                  |        14.480(F)|      SLOW  |         5.804(F)|      FAST  |my_registerfile/reset_GND_42_o_AND_770_o_BUFG               |   0.000|
                  |        15.021(F)|      SLOW  |         6.125(F)|      FAST  |my_registerfile/reset_GND_42_o_AND_834_o_BUFG               |   0.000|
                  |        15.029(F)|      SLOW  |         6.051(F)|      FAST  |my_registerfile/reset_GND_42_o_AND_898_o_BUFG               |   0.000|
                  |        14.532(F)|      SLOW  |         5.909(F)|      FAST  |my_registerfile/reset_GND_42_o_AND_962_o_BUFG               |   0.000|
                  |        14.194(R)|      SLOW  |         5.567(R)|      FAST  |my_registerfile/registerDestination[4]_Decoder_3_OUT<0>_BUFG|   0.000|
procesorResult<17>|        14.328(R)|      SLOW  |         5.649(R)|      FAST  |my_registerfile/registerDestination[4]_Decoder_3_OUT<0>_BUFG|   0.000|
                  |        14.697(F)|      SLOW  |         5.914(F)|      FAST  |my_registerfile/reset_GND_42_o_AND_130_o_BUFG               |   0.000|
                  |        14.959(F)|      SLOW  |         5.991(F)|      FAST  |my_registerfile/reset_GND_42_o_AND_194_o_BUFG               |   0.000|
                  |        15.287(F)|      SLOW  |         6.151(F)|      FAST  |my_registerfile/reset_GND_42_o_AND_258_o_BUFG               |   0.000|
                  |        15.342(F)|      SLOW  |         6.265(F)|      FAST  |my_registerfile/reset_GND_42_o_AND_322_o_BUFG               |   0.000|
                  |        15.271(F)|      SLOW  |         6.039(F)|      FAST  |my_registerfile/reset_GND_42_o_AND_386_o_BUFG               |   0.000|
                  |        15.307(F)|      SLOW  |         6.117(F)|      FAST  |my_registerfile/reset_GND_42_o_AND_450_o_BUFG               |   0.000|
                  |        14.780(F)|      SLOW  |         5.868(F)|      FAST  |my_registerfile/reset_GND_42_o_AND_514_o_BUFG               |   0.000|
                  |        15.021(F)|      SLOW  |         5.814(F)|      FAST  |my_registerfile/reset_GND_42_o_AND_578_o_BUFG               |   0.000|
                  |        14.731(F)|      SLOW  |         5.802(F)|      FAST  |my_registerfile/reset_GND_42_o_AND_642_o_BUFG               |   0.000|
                  |        14.944(F)|      SLOW  |         5.945(F)|      FAST  |my_registerfile/reset_GND_42_o_AND_68_o_BUFG                |   0.000|
                  |        14.866(F)|      SLOW  |         5.900(F)|      FAST  |my_registerfile/reset_GND_42_o_AND_706_o_BUFG               |   0.000|
                  |        14.614(F)|      SLOW  |         5.867(F)|      FAST  |my_registerfile/reset_GND_42_o_AND_770_o_BUFG               |   0.000|
                  |        15.155(F)|      SLOW  |         6.214(F)|      FAST  |my_registerfile/reset_GND_42_o_AND_834_o_BUFG               |   0.000|
                  |        15.163(F)|      SLOW  |         6.149(F)|      FAST  |my_registerfile/reset_GND_42_o_AND_898_o_BUFG               |   0.000|
                  |        14.666(F)|      SLOW  |         5.893(F)|      FAST  |my_registerfile/reset_GND_42_o_AND_962_o_BUFG               |   0.000|
procesorResult<18>|        14.359(R)|      SLOW  |         5.800(R)|      FAST  |my_registerfile/registerDestination[4]_Decoder_3_OUT<0>_BUFG|   0.000|
                  |        14.728(F)|      SLOW  |         6.004(F)|      FAST  |my_registerfile/reset_GND_42_o_AND_130_o_BUFG               |   0.000|
                  |        14.990(F)|      SLOW  |         6.129(F)|      FAST  |my_registerfile/reset_GND_42_o_AND_194_o_BUFG               |   0.000|
                  |        15.318(F)|      SLOW  |         6.272(F)|      FAST  |my_registerfile/reset_GND_42_o_AND_258_o_BUFG               |   0.000|
                  |        15.373(F)|      SLOW  |         6.363(F)|      FAST  |my_registerfile/reset_GND_42_o_AND_322_o_BUFG               |   0.000|
                  |        15.302(F)|      SLOW  |         6.268(F)|      FAST  |my_registerfile/reset_GND_42_o_AND_386_o_BUFG               |   0.000|
                  |        15.338(F)|      SLOW  |         6.246(F)|      FAST  |my_registerfile/reset_GND_42_o_AND_450_o_BUFG               |   0.000|
                  |        14.811(F)|      SLOW  |         5.939(F)|      FAST  |my_registerfile/reset_GND_42_o_AND_514_o_BUFG               |   0.000|
                  |        15.052(F)|      SLOW  |         5.949(F)|      FAST  |my_registerfile/reset_GND_42_o_AND_578_o_BUFG               |   0.000|
                  |        14.762(F)|      SLOW  |         5.914(F)|      FAST  |my_registerfile/reset_GND_42_o_AND_642_o_BUFG               |   0.000|
                  |        14.975(F)|      SLOW  |         6.012(F)|      FAST  |my_registerfile/reset_GND_42_o_AND_68_o_BUFG                |   0.000|
                  |        14.897(F)|      SLOW  |         6.044(F)|      FAST  |my_registerfile/reset_GND_42_o_AND_706_o_BUFG               |   0.000|
                  |        14.645(F)|      SLOW  |         6.022(F)|      FAST  |my_registerfile/reset_GND_42_o_AND_770_o_BUFG               |   0.000|
                  |        15.186(F)|      SLOW  |         6.361(F)|      FAST  |my_registerfile/reset_GND_42_o_AND_834_o_BUFG               |   0.000|
                  |        15.194(F)|      SLOW  |         6.310(F)|      FAST  |my_registerfile/reset_GND_42_o_AND_898_o_BUFG               |   0.000|
                  |        14.697(F)|      SLOW  |         6.032(F)|      FAST  |my_registerfile/reset_GND_42_o_AND_962_o_BUFG               |   0.000|
procesorResult<19>|        14.306(R)|      SLOW  |         5.694(R)|      FAST  |my_registerfile/registerDestination[4]_Decoder_3_OUT<0>_BUFG|   0.000|
                  |        14.675(F)|      SLOW  |         5.961(F)|      FAST  |my_registerfile/reset_GND_42_o_AND_130_o_BUFG               |   0.000|
                  |        14.937(F)|      SLOW  |         6.011(F)|      FAST  |my_registerfile/reset_GND_42_o_AND_194_o_BUFG               |   0.000|
                  |        15.265(F)|      SLOW  |         6.211(F)|      FAST  |my_registerfile/reset_GND_42_o_AND_258_o_BUFG               |   0.000|
                  |        15.320(F)|      SLOW  |         6.256(F)|      FAST  |my_registerfile/reset_GND_42_o_AND_322_o_BUFG               |   0.000|
                  |        15.249(F)|      SLOW  |         6.173(F)|      FAST  |my_registerfile/reset_GND_42_o_AND_386_o_BUFG               |   0.000|
                  |        15.285(F)|      SLOW  |         6.136(F)|      FAST  |my_registerfile/reset_GND_42_o_AND_450_o_BUFG               |   0.000|
                  |        14.758(F)|      SLOW  |         5.873(F)|      FAST  |my_registerfile/reset_GND_42_o_AND_514_o_BUFG               |   0.000|
                  |        14.999(F)|      SLOW  |         5.874(F)|      FAST  |my_registerfile/reset_GND_42_o_AND_578_o_BUFG               |   0.000|
                  |        14.709(F)|      SLOW  |         5.803(F)|      FAST  |my_registerfile/reset_GND_42_o_AND_642_o_BUFG               |   0.000|
                  |        14.922(F)|      SLOW  |         5.937(F)|      FAST  |my_registerfile/reset_GND_42_o_AND_68_o_BUFG                |   0.000|
                  |        14.844(F)|      SLOW  |         5.920(F)|      FAST  |my_registerfile/reset_GND_42_o_AND_706_o_BUFG               |   0.000|
                  |        14.592(F)|      SLOW  |         5.993(F)|      FAST  |my_registerfile/reset_GND_42_o_AND_770_o_BUFG               |   0.000|
                  |        15.133(F)|      SLOW  |         6.365(F)|      FAST  |my_registerfile/reset_GND_42_o_AND_834_o_BUFG               |   0.000|
                  |        15.141(F)|      SLOW  |         6.330(F)|      FAST  |my_registerfile/reset_GND_42_o_AND_898_o_BUFG               |   0.000|
                  |        14.644(F)|      SLOW  |         6.028(F)|      FAST  |my_registerfile/reset_GND_42_o_AND_962_o_BUFG               |   0.000|
procesorResult<20>|        14.941(R)|      SLOW  |         5.974(R)|      FAST  |my_registerfile/registerDestination[4]_Decoder_3_OUT<0>_BUFG|   0.000|
                  |        15.310(F)|      SLOW  |         6.284(F)|      FAST  |my_registerfile/reset_GND_42_o_AND_130_o_BUFG               |   0.000|
                  |        15.572(F)|      SLOW  |         6.369(F)|      FAST  |my_registerfile/reset_GND_42_o_AND_194_o_BUFG               |   0.000|
                  |        15.900(F)|      SLOW  |         6.482(F)|      FAST  |my_registerfile/reset_GND_42_o_AND_258_o_BUFG               |   0.000|
                  |        15.955(F)|      SLOW  |         6.552(F)|      FAST  |my_registerfile/reset_GND_42_o_AND_322_o_BUFG               |   0.000|
                  |        15.884(F)|      SLOW  |         6.407(F)|      FAST  |my_registerfile/reset_GND_42_o_AND_386_o_BUFG               |   0.000|
                  |        15.920(F)|      SLOW  |         6.372(F)|      FAST  |my_registerfile/reset_GND_42_o_AND_450_o_BUFG               |   0.000|
                  |        15.393(F)|      SLOW  |         6.185(F)|      FAST  |my_registerfile/reset_GND_42_o_AND_514_o_BUFG               |   0.000|
                  |        15.634(F)|      SLOW  |         6.053(F)|      FAST  |my_registerfile/reset_GND_42_o_AND_578_o_BUFG               |   0.000|
                  |        15.344(F)|      SLOW  |         6.195(F)|      FAST  |my_registerfile/reset_GND_42_o_AND_642_o_BUFG               |   0.000|
                  |        15.557(F)|      SLOW  |         6.246(F)|      FAST  |my_registerfile/reset_GND_42_o_AND_68_o_BUFG                |   0.000|
                  |        15.479(F)|      SLOW  |         6.127(F)|      FAST  |my_registerfile/reset_GND_42_o_AND_706_o_BUFG               |   0.000|
                  |        15.227(F)|      SLOW  |         6.153(F)|      FAST  |my_registerfile/reset_GND_42_o_AND_770_o_BUFG               |   0.000|
                  |        15.768(F)|      SLOW  |         6.496(F)|      FAST  |my_registerfile/reset_GND_42_o_AND_834_o_BUFG               |   0.000|
                  |        15.776(F)|      SLOW  |         6.350(F)|      FAST  |my_registerfile/reset_GND_42_o_AND_898_o_BUFG               |   0.000|
                  |        15.279(F)|      SLOW  |         6.127(F)|      FAST  |my_registerfile/reset_GND_42_o_AND_962_o_BUFG               |   0.000|
procesorResult<21>|        14.623(R)|      SLOW  |         5.683(R)|      FAST  |my_registerfile/registerDestination[4]_Decoder_3_OUT<0>_BUFG|   0.000|
                  |        14.992(F)|      SLOW  |         5.847(F)|      FAST  |my_registerfile/reset_GND_42_o_AND_130_o_BUFG               |   0.000|
                  |        15.254(F)|      SLOW  |         5.907(F)|      FAST  |my_registerfile/reset_GND_42_o_AND_194_o_BUFG               |   0.000|
                  |        15.582(F)|      SLOW  |         6.222(F)|      FAST  |my_registerfile/reset_GND_42_o_AND_258_o_BUFG               |   0.000|
                  |        15.637(F)|      SLOW  |         6.278(F)|      FAST  |my_registerfile/reset_GND_42_o_AND_322_o_BUFG               |   0.000|
                  |        15.566(F)|      SLOW  |         6.220(F)|      FAST  |my_registerfile/reset_GND_42_o_AND_386_o_BUFG               |   0.000|
                  |        15.602(F)|      SLOW  |         5.990(F)|      FAST  |my_registerfile/reset_GND_42_o_AND_450_o_BUFG               |   0.000|
                  |        15.075(F)|      SLOW  |         5.771(F)|      FAST  |my_registerfile/reset_GND_42_o_AND_514_o_BUFG               |   0.000|
                  |        15.316(F)|      SLOW  |         5.785(F)|      FAST  |my_registerfile/reset_GND_42_o_AND_578_o_BUFG               |   0.000|
                  |        15.026(F)|      SLOW  |         5.724(F)|      FAST  |my_registerfile/reset_GND_42_o_AND_642_o_BUFG               |   0.000|
                  |        15.239(F)|      SLOW  |         5.873(F)|      FAST  |my_registerfile/reset_GND_42_o_AND_68_o_BUFG                |   0.000|
                  |        15.161(F)|      SLOW  |         5.712(F)|      FAST  |my_registerfile/reset_GND_42_o_AND_706_o_BUFG               |   0.000|
                  |        14.909(F)|      SLOW  |         5.885(F)|      FAST  |my_registerfile/reset_GND_42_o_AND_770_o_BUFG               |   0.000|
                  |        15.450(F)|      SLOW  |         6.186(F)|      FAST  |my_registerfile/reset_GND_42_o_AND_834_o_BUFG               |   0.000|
                  |        15.458(F)|      SLOW  |         6.159(F)|      FAST  |my_registerfile/reset_GND_42_o_AND_898_o_BUFG               |   0.000|
                  |        14.961(F)|      SLOW  |         5.985(F)|      FAST  |my_registerfile/reset_GND_42_o_AND_962_o_BUFG               |   0.000|
procesorResult<22>|        14.636(F)|      SLOW  |         5.817(F)|      FAST  |my_registerfile/reset_GND_42_o_AND_130_o_BUFG               |   0.000|
                  |        14.898(F)|      SLOW  |         5.992(F)|      FAST  |my_registerfile/reset_GND_42_o_AND_194_o_BUFG               |   0.000|
                  |        15.226(F)|      SLOW  |         6.273(F)|      FAST  |my_registerfile/reset_GND_42_o_AND_258_o_BUFG               |   0.000|
                  |        15.281(F)|      SLOW  |         6.365(F)|      FAST  |my_registerfile/reset_GND_42_o_AND_322_o_BUFG               |   0.000|
                  |        15.210(F)|      SLOW  |         6.034(F)|      FAST  |my_registerfile/reset_GND_42_o_AND_386_o_BUFG               |   0.000|
                  |        15.246(F)|      SLOW  |         6.145(F)|      FAST  |my_registerfile/reset_GND_42_o_AND_450_o_BUFG               |   0.000|
                  |        14.719(F)|      SLOW  |         5.800(F)|      FAST  |my_registerfile/reset_GND_42_o_AND_514_o_BUFG               |   0.000|
                  |        14.960(F)|      SLOW  |         5.801(F)|      FAST  |my_registerfile/reset_GND_42_o_AND_578_o_BUFG               |   0.000|
                  |        14.670(F)|      SLOW  |         5.624(F)|      FAST  |my_registerfile/reset_GND_42_o_AND_642_o_BUFG               |   0.000|
                  |        14.883(F)|      SLOW  |         5.917(F)|      FAST  |my_registerfile/reset_GND_42_o_AND_68_o_BUFG                |   0.000|
                  |        14.805(F)|      SLOW  |         5.896(F)|      FAST  |my_registerfile/reset_GND_42_o_AND_706_o_BUFG               |   0.000|
                  |        14.553(F)|      SLOW  |         5.903(F)|      FAST  |my_registerfile/reset_GND_42_o_AND_770_o_BUFG               |   0.000|
                  |        15.094(F)|      SLOW  |         6.197(F)|      FAST  |my_registerfile/reset_GND_42_o_AND_834_o_BUFG               |   0.000|
                  |        15.102(F)|      SLOW  |         6.191(F)|      FAST  |my_registerfile/reset_GND_42_o_AND_898_o_BUFG               |   0.000|
                  |        14.605(F)|      SLOW  |         5.887(F)|      FAST  |my_registerfile/reset_GND_42_o_AND_962_o_BUFG               |   0.000|
                  |        14.267(R)|      SLOW  |         5.721(R)|      FAST  |my_registerfile/registerDestination[4]_Decoder_3_OUT<0>_BUFG|   0.000|
procesorResult<23>|        14.822(F)|      SLOW  |         6.010(F)|      FAST  |my_registerfile/reset_GND_42_o_AND_130_o_BUFG               |   0.000|
                  |        15.084(F)|      SLOW  |         5.995(F)|      FAST  |my_registerfile/reset_GND_42_o_AND_194_o_BUFG               |   0.000|
                  |        15.412(F)|      SLOW  |         6.231(F)|      FAST  |my_registerfile/reset_GND_42_o_AND_258_o_BUFG               |   0.000|
                  |        15.467(F)|      SLOW  |         6.233(F)|      FAST  |my_registerfile/reset_GND_42_o_AND_322_o_BUFG               |   0.000|
                  |        15.396(F)|      SLOW  |         6.116(F)|      FAST  |my_registerfile/reset_GND_42_o_AND_386_o_BUFG               |   0.000|
                  |        15.432(F)|      SLOW  |         6.057(F)|      FAST  |my_registerfile/reset_GND_42_o_AND_450_o_BUFG               |   0.000|
                  |        14.905(F)|      SLOW  |         5.880(F)|      FAST  |my_registerfile/reset_GND_42_o_AND_514_o_BUFG               |   0.000|
                  |        15.146(F)|      SLOW  |         5.858(F)|      FAST  |my_registerfile/reset_GND_42_o_AND_578_o_BUFG               |   0.000|
                  |        14.856(F)|      SLOW  |         5.993(F)|      FAST  |my_registerfile/reset_GND_42_o_AND_642_o_BUFG               |   0.000|
                  |        15.069(F)|      SLOW  |         5.888(F)|      FAST  |my_registerfile/reset_GND_42_o_AND_68_o_BUFG                |   0.000|
                  |        14.991(F)|      SLOW  |         5.794(F)|      FAST  |my_registerfile/reset_GND_42_o_AND_706_o_BUFG               |   0.000|
                  |        14.739(F)|      SLOW  |         5.839(F)|      FAST  |my_registerfile/reset_GND_42_o_AND_770_o_BUFG               |   0.000|
                  |        15.280(F)|      SLOW  |         6.403(F)|      FAST  |my_registerfile/reset_GND_42_o_AND_834_o_BUFG               |   0.000|
                  |        15.288(F)|      SLOW  |         6.266(F)|      FAST  |my_registerfile/reset_GND_42_o_AND_898_o_BUFG               |   0.000|
                  |        14.791(F)|      SLOW  |         5.976(F)|      FAST  |my_registerfile/reset_GND_42_o_AND_962_o_BUFG               |   0.000|
                  |        14.453(R)|      SLOW  |         5.775(R)|      FAST  |my_registerfile/registerDestination[4]_Decoder_3_OUT<0>_BUFG|   0.000|
procesorResult<24>|        15.932(F)|      SLOW  |         6.683(F)|      FAST  |my_registerfile/reset_GND_42_o_AND_130_o_BUFG               |   0.000|
                  |        16.194(F)|      SLOW  |         6.917(F)|      FAST  |my_registerfile/reset_GND_42_o_AND_194_o_BUFG               |   0.000|
                  |        16.522(F)|      SLOW  |         7.140(F)|      FAST  |my_registerfile/reset_GND_42_o_AND_258_o_BUFG               |   0.000|
                  |        16.577(F)|      SLOW  |         7.114(F)|      FAST  |my_registerfile/reset_GND_42_o_AND_322_o_BUFG               |   0.000|
                  |        16.506(F)|      SLOW  |         6.986(F)|      FAST  |my_registerfile/reset_GND_42_o_AND_386_o_BUFG               |   0.000|
                  |        16.542(F)|      SLOW  |         6.926(F)|      FAST  |my_registerfile/reset_GND_42_o_AND_450_o_BUFG               |   0.000|
                  |        16.133(F)|      SLOW  |         6.866(F)|      FAST  |my_registerfile/reset_GND_42_o_AND_514_o_BUFG               |   0.000|
                  |        16.256(F)|      SLOW  |         6.682(F)|      FAST  |my_registerfile/reset_GND_42_o_AND_578_o_BUFG               |   0.000|
                  |        15.966(F)|      SLOW  |         6.568(F)|      FAST  |my_registerfile/reset_GND_42_o_AND_642_o_BUFG               |   0.000|
                  |        16.179(F)|      SLOW  |         6.825(F)|      FAST  |my_registerfile/reset_GND_42_o_AND_68_o_BUFG                |   0.000|
                  |        16.101(F)|      SLOW  |         6.778(F)|      FAST  |my_registerfile/reset_GND_42_o_AND_706_o_BUFG               |   0.000|
                  |        15.849(F)|      SLOW  |         6.593(F)|      FAST  |my_registerfile/reset_GND_42_o_AND_770_o_BUFG               |   0.000|
                  |        16.390(F)|      SLOW  |         7.075(F)|      FAST  |my_registerfile/reset_GND_42_o_AND_834_o_BUFG               |   0.000|
                  |        16.398(F)|      SLOW  |         7.079(F)|      FAST  |my_registerfile/reset_GND_42_o_AND_898_o_BUFG               |   0.000|
                  |        15.901(F)|      SLOW  |         6.692(F)|      FAST  |my_registerfile/reset_GND_42_o_AND_962_o_BUFG               |   0.000|
                  |        15.563(R)|      SLOW  |         6.476(R)|      FAST  |my_registerfile/registerDestination[4]_Decoder_3_OUT<0>_BUFG|   0.000|
procesorResult<25>|        14.738(R)|      SLOW  |         5.949(R)|      FAST  |my_registerfile/registerDestination[4]_Decoder_3_OUT<0>_BUFG|   0.000|
                  |        15.107(F)|      SLOW  |         6.093(F)|      FAST  |my_registerfile/reset_GND_42_o_AND_130_o_BUFG               |   0.000|
                  |        15.369(F)|      SLOW  |         6.146(F)|      FAST  |my_registerfile/reset_GND_42_o_AND_194_o_BUFG               |   0.000|
                  |        15.697(F)|      SLOW  |         6.690(F)|      FAST  |my_registerfile/reset_GND_42_o_AND_258_o_BUFG               |   0.000|
                  |        15.752(F)|      SLOW  |         6.577(F)|      FAST  |my_registerfile/reset_GND_42_o_AND_322_o_BUFG               |   0.000|
                  |        15.681(F)|      SLOW  |         6.478(F)|      FAST  |my_registerfile/reset_GND_42_o_AND_386_o_BUFG               |   0.000|
                  |        15.717(F)|      SLOW  |         6.552(F)|      FAST  |my_registerfile/reset_GND_42_o_AND_450_o_BUFG               |   0.000|
                  |        15.308(F)|      SLOW  |         6.419(F)|      FAST  |my_registerfile/reset_GND_42_o_AND_514_o_BUFG               |   0.000|
                  |        15.431(F)|      SLOW  |         6.101(F)|      FAST  |my_registerfile/reset_GND_42_o_AND_578_o_BUFG               |   0.000|
                  |        15.141(F)|      SLOW  |         6.012(F)|      FAST  |my_registerfile/reset_GND_42_o_AND_642_o_BUFG               |   0.000|
                  |        15.354(F)|      SLOW  |         6.134(F)|      FAST  |my_registerfile/reset_GND_42_o_AND_68_o_BUFG                |   0.000|
                  |        15.276(F)|      SLOW  |         6.167(F)|      FAST  |my_registerfile/reset_GND_42_o_AND_706_o_BUFG               |   0.000|
                  |        15.024(F)|      SLOW  |         6.336(F)|      FAST  |my_registerfile/reset_GND_42_o_AND_770_o_BUFG               |   0.000|
                  |        15.565(F)|      SLOW  |         6.721(F)|      FAST  |my_registerfile/reset_GND_42_o_AND_834_o_BUFG               |   0.000|
                  |        15.573(F)|      SLOW  |         6.588(F)|      FAST  |my_registerfile/reset_GND_42_o_AND_898_o_BUFG               |   0.000|
                  |        15.076(F)|      SLOW  |         6.165(F)|      FAST  |my_registerfile/reset_GND_42_o_AND_962_o_BUFG               |   0.000|
procesorResult<26>|        15.723(R)|      SLOW  |         6.481(R)|      FAST  |my_registerfile/registerDestination[4]_Decoder_3_OUT<0>_BUFG|   0.000|
                  |        16.092(F)|      SLOW  |         6.723(F)|      FAST  |my_registerfile/reset_GND_42_o_AND_130_o_BUFG               |   0.000|
                  |        16.354(F)|      SLOW  |         6.741(F)|      FAST  |my_registerfile/reset_GND_42_o_AND_194_o_BUFG               |   0.000|
                  |        16.682(F)|      SLOW  |         7.120(F)|      FAST  |my_registerfile/reset_GND_42_o_AND_258_o_BUFG               |   0.000|
                  |        16.737(F)|      SLOW  |         7.143(F)|      FAST  |my_registerfile/reset_GND_42_o_AND_322_o_BUFG               |   0.000|
                  |        16.666(F)|      SLOW  |         6.962(F)|      FAST  |my_registerfile/reset_GND_42_o_AND_386_o_BUFG               |   0.000|
                  |        16.702(F)|      SLOW  |         7.009(F)|      FAST  |my_registerfile/reset_GND_42_o_AND_450_o_BUFG               |   0.000|
                  |        16.293(F)|      SLOW  |         6.940(F)|      FAST  |my_registerfile/reset_GND_42_o_AND_514_o_BUFG               |   0.000|
                  |        16.416(F)|      SLOW  |         6.679(F)|      FAST  |my_registerfile/reset_GND_42_o_AND_578_o_BUFG               |   0.000|
                  |        16.126(F)|      SLOW  |         6.716(F)|      FAST  |my_registerfile/reset_GND_42_o_AND_642_o_BUFG               |   0.000|
                  |        16.339(F)|      SLOW  |         6.785(F)|      FAST  |my_registerfile/reset_GND_42_o_AND_68_o_BUFG                |   0.000|
                  |        16.261(F)|      SLOW  |         6.707(F)|      FAST  |my_registerfile/reset_GND_42_o_AND_706_o_BUFG               |   0.000|
                  |        16.009(F)|      SLOW  |         6.662(F)|      FAST  |my_registerfile/reset_GND_42_o_AND_770_o_BUFG               |   0.000|
                  |        16.550(F)|      SLOW  |         7.208(F)|      FAST  |my_registerfile/reset_GND_42_o_AND_834_o_BUFG               |   0.000|
                  |        16.558(F)|      SLOW  |         7.031(F)|      FAST  |my_registerfile/reset_GND_42_o_AND_898_o_BUFG               |   0.000|
                  |        16.061(F)|      SLOW  |         6.788(F)|      FAST  |my_registerfile/reset_GND_42_o_AND_962_o_BUFG               |   0.000|
procesorResult<27>|        15.260(F)|      SLOW  |         6.297(F)|      FAST  |my_registerfile/reset_GND_42_o_AND_130_o_BUFG               |   0.000|
                  |        15.522(F)|      SLOW  |         6.375(F)|      FAST  |my_registerfile/reset_GND_42_o_AND_194_o_BUFG               |   0.000|
                  |        15.850(F)|      SLOW  |         6.721(F)|      FAST  |my_registerfile/reset_GND_42_o_AND_258_o_BUFG               |   0.000|
                  |        15.905(F)|      SLOW  |         6.719(F)|      FAST  |my_registerfile/reset_GND_42_o_AND_322_o_BUFG               |   0.000|
                  |        15.834(F)|      SLOW  |         6.613(F)|      FAST  |my_registerfile/reset_GND_42_o_AND_386_o_BUFG               |   0.000|
                  |        15.870(F)|      SLOW  |         6.698(F)|      FAST  |my_registerfile/reset_GND_42_o_AND_450_o_BUFG               |   0.000|
                  |        15.461(F)|      SLOW  |         6.481(F)|      FAST  |my_registerfile/reset_GND_42_o_AND_514_o_BUFG               |   0.000|
                  |        15.584(F)|      SLOW  |         6.278(F)|      FAST  |my_registerfile/reset_GND_42_o_AND_578_o_BUFG               |   0.000|
                  |        15.294(F)|      SLOW  |         6.297(F)|      FAST  |my_registerfile/reset_GND_42_o_AND_642_o_BUFG               |   0.000|
                  |        15.507(F)|      SLOW  |         6.367(F)|      FAST  |my_registerfile/reset_GND_42_o_AND_68_o_BUFG                |   0.000|
                  |        15.429(F)|      SLOW  |         6.270(F)|      FAST  |my_registerfile/reset_GND_42_o_AND_706_o_BUFG               |   0.000|
                  |        15.177(F)|      SLOW  |         6.389(F)|      FAST  |my_registerfile/reset_GND_42_o_AND_770_o_BUFG               |   0.000|
                  |        15.718(F)|      SLOW  |         6.598(F)|      FAST  |my_registerfile/reset_GND_42_o_AND_834_o_BUFG               |   0.000|
                  |        15.726(F)|      SLOW  |         6.630(F)|      FAST  |my_registerfile/reset_GND_42_o_AND_898_o_BUFG               |   0.000|
                  |        15.229(F)|      SLOW  |         6.340(F)|      FAST  |my_registerfile/reset_GND_42_o_AND_962_o_BUFG               |   0.000|
                  |        14.891(R)|      SLOW  |         6.076(R)|      FAST  |my_registerfile/registerDestination[4]_Decoder_3_OUT<0>_BUFG|   0.000|
procesorResult<28>|        15.426(F)|      SLOW  |         6.462(F)|      FAST  |my_registerfile/reset_GND_42_o_AND_130_o_BUFG               |   0.000|
                  |        15.688(F)|      SLOW  |         6.625(F)|      FAST  |my_registerfile/reset_GND_42_o_AND_194_o_BUFG               |   0.000|
                  |        16.016(F)|      SLOW  |         6.898(F)|      FAST  |my_registerfile/reset_GND_42_o_AND_258_o_BUFG               |   0.000|
                  |        16.071(F)|      SLOW  |         6.899(F)|      FAST  |my_registerfile/reset_GND_42_o_AND_322_o_BUFG               |   0.000|
                  |        16.000(F)|      SLOW  |         6.728(F)|      FAST  |my_registerfile/reset_GND_42_o_AND_386_o_BUFG               |   0.000|
                  |        16.036(F)|      SLOW  |         6.761(F)|      FAST  |my_registerfile/reset_GND_42_o_AND_450_o_BUFG               |   0.000|
                  |        15.659(F)|      SLOW  |         6.682(F)|      FAST  |my_registerfile/reset_GND_42_o_AND_514_o_BUFG               |   0.000|
                  |        15.750(F)|      SLOW  |         6.459(F)|      FAST  |my_registerfile/reset_GND_42_o_AND_578_o_BUFG               |   0.000|
                  |        15.460(F)|      SLOW  |         6.400(F)|      FAST  |my_registerfile/reset_GND_42_o_AND_642_o_BUFG               |   0.000|
                  |        15.673(F)|      SLOW  |         6.498(F)|      FAST  |my_registerfile/reset_GND_42_o_AND_68_o_BUFG                |   0.000|
                  |        15.595(F)|      SLOW  |         6.445(F)|      FAST  |my_registerfile/reset_GND_42_o_AND_706_o_BUFG               |   0.000|
                  |        15.343(F)|      SLOW  |         6.456(F)|      FAST  |my_registerfile/reset_GND_42_o_AND_770_o_BUFG               |   0.000|
                  |        15.884(F)|      SLOW  |         6.836(F)|      FAST  |my_registerfile/reset_GND_42_o_AND_834_o_BUFG               |   0.000|
                  |        15.892(F)|      SLOW  |         6.847(F)|      FAST  |my_registerfile/reset_GND_42_o_AND_898_o_BUFG               |   0.000|
                  |        15.395(F)|      SLOW  |         6.537(F)|      FAST  |my_registerfile/reset_GND_42_o_AND_962_o_BUFG               |   0.000|
                  |        15.060(R)|      SLOW  |         6.265(R)|      FAST  |my_registerfile/registerDestination[4]_Decoder_3_OUT<0>_BUFG|   0.000|
procesorResult<29>|        15.657(F)|      SLOW  |         6.428(F)|      FAST  |my_registerfile/reset_GND_42_o_AND_130_o_BUFG               |   0.000|
                  |        15.919(F)|      SLOW  |         6.605(F)|      FAST  |my_registerfile/reset_GND_42_o_AND_194_o_BUFG               |   0.000|
                  |        16.247(F)|      SLOW  |         6.996(F)|      FAST  |my_registerfile/reset_GND_42_o_AND_258_o_BUFG               |   0.000|
                  |        16.302(F)|      SLOW  |         7.110(F)|      FAST  |my_registerfile/reset_GND_42_o_AND_322_o_BUFG               |   0.000|
                  |        16.231(F)|      SLOW  |         6.716(F)|      FAST  |my_registerfile/reset_GND_42_o_AND_386_o_BUFG               |   0.000|
                  |        16.267(F)|      SLOW  |         6.769(F)|      FAST  |my_registerfile/reset_GND_42_o_AND_450_o_BUFG               |   0.000|
                  |        15.903(F)|      SLOW  |         6.791(F)|      FAST  |my_registerfile/reset_GND_42_o_AND_514_o_BUFG               |   0.000|
                  |        15.981(F)|      SLOW  |         6.503(F)|      FAST  |my_registerfile/reset_GND_42_o_AND_578_o_BUFG               |   0.000|
                  |        15.691(F)|      SLOW  |         6.503(F)|      FAST  |my_registerfile/reset_GND_42_o_AND_642_o_BUFG               |   0.000|
                  |        15.904(F)|      SLOW  |         6.548(F)|      FAST  |my_registerfile/reset_GND_42_o_AND_68_o_BUFG                |   0.000|
                  |        15.826(F)|      SLOW  |         6.547(F)|      FAST  |my_registerfile/reset_GND_42_o_AND_706_o_BUFG               |   0.000|
                  |        15.574(F)|      SLOW  |         6.432(F)|      FAST  |my_registerfile/reset_GND_42_o_AND_770_o_BUFG               |   0.000|
                  |        16.115(F)|      SLOW  |         6.947(F)|      FAST  |my_registerfile/reset_GND_42_o_AND_834_o_BUFG               |   0.000|
                  |        16.123(F)|      SLOW  |         6.575(F)|      FAST  |my_registerfile/reset_GND_42_o_AND_898_o_BUFG               |   0.000|
                  |        15.626(F)|      SLOW  |         6.378(F)|      FAST  |my_registerfile/reset_GND_42_o_AND_962_o_BUFG               |   0.000|
                  |        15.291(R)|      SLOW  |         6.235(R)|      FAST  |my_registerfile/registerDestination[4]_Decoder_3_OUT<0>_BUFG|   0.000|
procesorResult<30>|        15.637(F)|      SLOW  |         6.387(F)|      FAST  |my_registerfile/reset_GND_42_o_AND_130_o_BUFG               |   0.000|
                  |        15.899(F)|      SLOW  |         6.639(F)|      FAST  |my_registerfile/reset_GND_42_o_AND_194_o_BUFG               |   0.000|
                  |        16.227(F)|      SLOW  |         6.784(F)|      FAST  |my_registerfile/reset_GND_42_o_AND_258_o_BUFG               |   0.000|
                  |        16.282(F)|      SLOW  |         6.863(F)|      FAST  |my_registerfile/reset_GND_42_o_AND_322_o_BUFG               |   0.000|
                  |        16.211(F)|      SLOW  |         6.861(F)|      FAST  |my_registerfile/reset_GND_42_o_AND_386_o_BUFG               |   0.000|
                  |        16.247(F)|      SLOW  |         6.772(F)|      FAST  |my_registerfile/reset_GND_42_o_AND_450_o_BUFG               |   0.000|
                  |        16.187(F)|      SLOW  |         6.771(F)|      FAST  |my_registerfile/reset_GND_42_o_AND_514_o_BUFG               |   0.000|
                  |        15.961(F)|      SLOW  |         6.476(F)|      FAST  |my_registerfile/reset_GND_42_o_AND_578_o_BUFG               |   0.000|
                  |        15.671(F)|      SLOW  |         6.579(F)|      FAST  |my_registerfile/reset_GND_42_o_AND_642_o_BUFG               |   0.000|
                  |        15.884(F)|      SLOW  |         6.474(F)|      FAST  |my_registerfile/reset_GND_42_o_AND_68_o_BUFG                |   0.000|
                  |        15.806(F)|      SLOW  |         6.579(F)|      FAST  |my_registerfile/reset_GND_42_o_AND_706_o_BUFG               |   0.000|
                  |        15.554(F)|      SLOW  |         6.705(F)|      FAST  |my_registerfile/reset_GND_42_o_AND_770_o_BUFG               |   0.000|
                  |        16.179(F)|      SLOW  |         7.080(F)|      FAST  |my_registerfile/reset_GND_42_o_AND_834_o_BUFG               |   0.000|
                  |        16.103(F)|      SLOW  |         6.870(F)|      FAST  |my_registerfile/reset_GND_42_o_AND_898_o_BUFG               |   0.000|
                  |        15.636(F)|      SLOW  |         6.613(F)|      FAST  |my_registerfile/reset_GND_42_o_AND_962_o_BUFG               |   0.000|
                  |        15.271(R)|      SLOW  |         6.102(R)|      FAST  |my_registerfile/registerDestination[4]_Decoder_3_OUT<0>_BUFG|   0.000|
procesorResult<31>|        15.183(F)|      SLOW  |         6.197(F)|      FAST  |my_registerfile/reset_GND_42_o_AND_130_o_BUFG               |   0.000|
                  |        15.445(F)|      SLOW  |         6.274(F)|      FAST  |my_registerfile/reset_GND_42_o_AND_194_o_BUFG               |   0.000|
                  |        15.773(F)|      SLOW  |         6.715(F)|      FAST  |my_registerfile/reset_GND_42_o_AND_258_o_BUFG               |   0.000|
                  |        15.828(F)|      SLOW  |         6.653(F)|      FAST  |my_registerfile/reset_GND_42_o_AND_322_o_BUFG               |   0.000|
                  |        15.757(F)|      SLOW  |         6.643(F)|      FAST  |my_registerfile/reset_GND_42_o_AND_386_o_BUFG               |   0.000|
                  |        15.793(F)|      SLOW  |         6.491(F)|      FAST  |my_registerfile/reset_GND_42_o_AND_450_o_BUFG               |   0.000|
                  |        15.725(F)|      SLOW  |         6.463(F)|      FAST  |my_registerfile/reset_GND_42_o_AND_514_o_BUFG               |   0.000|
                  |        15.507(F)|      SLOW  |         6.170(F)|      FAST  |my_registerfile/reset_GND_42_o_AND_578_o_BUFG               |   0.000|
                  |        15.217(F)|      SLOW  |         6.247(F)|      FAST  |my_registerfile/reset_GND_42_o_AND_642_o_BUFG               |   0.000|
                  |        15.430(F)|      SLOW  |         6.140(F)|      FAST  |my_registerfile/reset_GND_42_o_AND_68_o_BUFG                |   0.000|
                  |        15.352(F)|      SLOW  |         6.297(F)|      FAST  |my_registerfile/reset_GND_42_o_AND_706_o_BUFG               |   0.000|
                  |        15.100(F)|      SLOW  |         6.016(F)|      FAST  |my_registerfile/reset_GND_42_o_AND_770_o_BUFG               |   0.000|
                  |        15.717(F)|      SLOW  |         6.400(F)|      FAST  |my_registerfile/reset_GND_42_o_AND_834_o_BUFG               |   0.000|
                  |        15.649(F)|      SLOW  |         6.413(F)|      FAST  |my_registerfile/reset_GND_42_o_AND_898_o_BUFG               |   0.000|
                  |        15.174(F)|      SLOW  |         6.042(F)|      FAST  |my_registerfile/reset_GND_42_o_AND_962_o_BUFG               |   0.000|
                  |        14.817(R)|      SLOW  |         6.061(R)|      FAST  |my_registerfile/registerDestination[4]_Decoder_3_OUT<0>_BUFG|   0.000|
------------------+-----------------+------------+-----------------+------------+------------------------------------------------------------+--------+

Clock to Setup on destination clock clk
---------------+---------+---------+---------+---------+
               | Src:Rise| Src:Fall| Src:Rise| Src:Fall|
Source Clock   |Dest:Rise|Dest:Rise|Dest:Fall|Dest:Fall|
---------------+---------+---------+---------+---------+
clk            |    1.539|         |         |         |
rst            |    0.669|    0.669|         |         |
---------------+---------+---------+---------+---------+

Clock to Setup on destination clock rst
---------------+---------+---------+---------+---------+
               | Src:Rise| Src:Fall| Src:Rise| Src:Fall|
Source Clock   |Dest:Rise|Dest:Rise|Dest:Fall|Dest:Fall|
---------------+---------+---------+---------+---------+
clk            |    5.739|         |    7.518|         |
rst            |    5.275|    5.609|    7.089|    7.749|
---------------+---------+---------+---------+---------+

Pad to Pad
---------------+------------------+---------+
Source Pad     |Destination Pad   |  Delay  |
---------------+------------------+---------+
rst            |procesorResult<0> |   13.527|
rst            |procesorResult<1> |   13.798|
rst            |procesorResult<2> |   13.547|
rst            |procesorResult<3> |   13.578|
rst            |procesorResult<4> |   13.761|
rst            |procesorResult<5> |   13.631|
rst            |procesorResult<6> |   13.619|
rst            |procesorResult<7> |   13.768|
rst            |procesorResult<8> |   13.752|
rst            |procesorResult<9> |   14.079|
rst            |procesorResult<10>|   14.002|
rst            |procesorResult<11>|   14.037|
rst            |procesorResult<12>|   14.399|
rst            |procesorResult<13>|   14.372|
rst            |procesorResult<14>|   14.691|
rst            |procesorResult<15>|   13.943|
rst            |procesorResult<16>|   13.994|
rst            |procesorResult<17>|   14.128|
rst            |procesorResult<18>|   14.159|
rst            |procesorResult<19>|   14.106|
rst            |procesorResult<20>|   14.741|
rst            |procesorResult<21>|   14.423|
rst            |procesorResult<22>|   14.067|
rst            |procesorResult<23>|   14.253|
rst            |procesorResult<24>|   15.363|
rst            |procesorResult<25>|   14.538|
rst            |procesorResult<26>|   15.617|
rst            |procesorResult<27>|   14.773|
rst            |procesorResult<28>|   15.019|
rst            |procesorResult<29>|   15.250|
rst            |procesorResult<30>|   15.230|
rst            |procesorResult<31>|   14.776|
---------------+------------------+---------+


Analysis completed Sun Apr 17 18:49:31 2016 
--------------------------------------------------------------------------------

Trace Settings:
-------------------------
Trace Settings 

Peak Memory Usage: 624 MB



